2026/08/20 12:37:45 ALLOW_ANON=1: accepting any feeder and any v0 API key
2026/08/20 12:37:45.687600 listening on :8080 (udp :10110)
2026/08/20 12:37:45.802137 kystverket: connected to 153.44.253.27:5631
2026/08/20 12:37:46.022366 digitraffic: connected to wss://meri.digitraffic.fi:443/mqtt
2026/08/20 12:38:15.693108 events=2233 dup=4 parse_err=0 decode_fail=0 vessels=1328 subs=0
2026/08/20 12:38:30.133581 shutting down
2026/08/20 12:38:32 ALLOW_ANON=1: accepting any feeder and any v0 API key
2026/08/20 12:38:32.484229 restored 1744 vessels from vessels.json
2026/08/20 12:38:32.484258 listening on :8080 (udp :10110)
2026/08/20 12:38:32.598427 kystverket: connected to 153.44.253.27:5631
2026/08/20 12:38:32.810810 digitraffic: connected to wss://meri.digitraffic.fi:443/mqtt
2026/08/20 12:39:02.484561 events=2186 dup=7 parse_err=0 decode_fail=0 vessels=2526 subs=1001
2026/08/20 12:39:32.484854 events=4438 dup=18 parse_err=0 decode_fail=0 vessels=3246 subs=1
2026/08/20 12:40:02.484656 events=6638 dup=25 parse_err=0 decode_fail=0 vessels=3719 subs=1
2026/08/20 12:40:32.484246 events=8864 dup=33 parse_err=0 decode_fail=0 vessels=3915 subs=1
2026/08/20 12:41:02.489211 events=11061 dup=41 parse_err=0 decode_fail=0 vessels=4043 subs=1
2026/08/20 12:41:32.491552 events=13225 dup=50 parse_err=0 decode_fail=0 vessels=4100 subs=1
2026/08/20 12:42:02.484075 events=15386 dup=58 parse_err=0 decode_fail=0 vessels=4146 subs=1
2026/08/20 12:42:32.483915 events=17570 dup=65 parse_err=0 decode_fail=0 vessels=4182 subs=1
2026/08/20 12:43:02.493959 events=19724 dup=71 parse_err=0 decode_fail=0 vessels=4213 subs=1
2026/08/20 12:43:32.494532 events=21939 dup=79 parse_err=0 decode_fail=0 vessels=4242 subs=1
2026/08/20 12:44:02.490040 events=24127 dup=87 parse_err=0 decode_fail=0 vessels=4262 subs=1
2026/08/20 12:44:32.487559 events=26246 dup=96 parse_err=0 decode_fail=0 vessels=4275 subs=1
2026/08/20 12:45:02.489081 events=28473 dup=104 parse_err=0 decode_fail=0 vessels=4295 subs=1
2026/08/20 12:45:32.483365 events=30769 dup=110 parse_err=0 decode_fail=0 vessels=4306 subs=2
2026/08/20 12:46:02.482970 events=32948 dup=119 parse_err=0 decode_fail=0 vessels=4317 subs=2
2026/08/20 12:46:32.496536 events=35165 dup=127 parse_err=0 decode_fail=0 vessels=4327 subs=2
2026/08/20 12:47:02.494230 events=37379 dup=135 parse_err=0 decode_fail=0 vessels=4338 subs=2
2026/08/20 12:47:32.493065 events=39676 dup=143 parse_err=0 decode_fail=0 vessels=4348 subs=2
2026/08/20 12:48:02.482079 events=41813 dup=151 parse_err=0 decode_fail=0 vessels=4360 subs=2
2026/08/20 12:48:32.481680 events=43983 dup=157 parse_err=0 decode_fail=0 vessels=4365 subs=2
2026/08/20 12:49:02.481889 events=46140 dup=164 parse_err=0 decode_fail=0 vessels=4372 subs=2
2026/08/20 12:49:32.490969 events=48384 dup=171 parse_err=0 decode_fail=0 vessels=4376 subs=2
2026/08/20 12:50:02.485610 events=50570 dup=177 parse_err=0 decode_fail=0 vessels=4381 subs=2
2026/08/20 12:50:32.481165 events=52719 dup=184 parse_err=0 decode_fail=0 vessels=4388 subs=2
2026/08/20 12:51:02.481081 events=54839 dup=191 parse_err=0 decode_fail=0 vessels=4396 subs=2
2026/08/20 12:51:32.493288 events=57128 dup=199 parse_err=0 decode_fail=0 vessels=4404 subs=2
2026/08/20 12:52:02.480797 events=59273 dup=209 parse_err=0 decode_fail=0 vessels=4407 subs=2
2026/08/20 12:52:32.481191 events=61450 dup=215 parse_err=0 decode_fail=0 vessels=4410 subs=2
2026/08/20 12:53:02.480284 events=63583 dup=222 parse_err=0 decode_fail=0 vessels=4417 subs=2
2026/08/20 12:53:32.480289 events=65819 dup=231 parse_err=0 decode_fail=0 vessels=4424 subs=2
2026/08/20 12:54:02.487957 events=68013 dup=236 parse_err=0 decode_fail=0 vessels=4431 subs=2
2026/08/20 12:54:32.498769 events=70214 dup=243 parse_err=0 decode_fail=0 vessels=4435 subs=2
2026/08/20 12:55:02.479466 events=72359 dup=251 parse_err=0 decode_fail=0 vessels=4439 subs=2
2026/08/20 12:55:32.494256 events=74553 dup=258 parse_err=0 decode_fail=0 vessels=4445 subs=2
2026/08/20 12:56:02.493649 events=76657 dup=265 parse_err=0 decode_fail=0 vessels=4449 subs=2
2026/08/20 12:56:32.479463 events=78785 dup=273 parse_err=0 decode_fail=0 vessels=4456 subs=2
2026/08/20 12:57:02.479139 events=80935 dup=280 parse_err=0 decode_fail=0 vessels=4459 subs=2
2026/08/20 12:57:32.489708 events=83154 dup=287 parse_err=0 decode_fail=0 vessels=4461 subs=2
2026/08/20 12:58:02.478721 events=85252 dup=294 parse_err=0 decode_fail=0 vessels=4467 subs=2
2026/08/20 12:58:32.478896 events=87402 dup=303 parse_err=0 decode_fail=0 vessels=4471 subs=2
2026/08/20 12:59:02.478711 events=89509 dup=310 parse_err=0 decode_fail=0 vessels=4475 subs=2
2026/08/20 12:59:32.490640 events=91740 dup=317 parse_err=0 decode_fail=0 vessels=4480 subs=2
2026/08/20 13:00:02.486888 events=93859 dup=325 parse_err=0 decode_fail=0 vessels=4482 subs=2
2026/08/20 13:00:32.491816 events=96097 dup=332 parse_err=0 decode_fail=0 vessels=4487 subs=2
2026/08/20 13:01:02.542727 events=98314 dup=337 parse_err=0 decode_fail=0 vessels=4488 subs=2
2026/08/20 13:01:32.546022 events=100529 dup=346 parse_err=0 decode_fail=0 vessels=4494 subs=2
2026/08/20 13:02:02.554114 events=102721 dup=353 parse_err=0 decode_fail=0 vessels=4500 subs=2
2026/08/20 13:02:32.552902 events=104849 dup=360 parse_err=0 decode_fail=0 vessels=4502 subs=2
2026/08/20 13:03:02.543689 events=107045 dup=367 parse_err=0 decode_fail=0 vessels=4510 subs=2
2026/08/20 13:03:32.544330 events=109298 dup=373 parse_err=0 decode_fail=0 vessels=4513 subs=2
2026/08/20 13:04:02.544709 events=111478 dup=379 parse_err=0 decode_fail=0 vessels=4515 subs=2
2026/08/20 13:04:32.545207 events=113626 dup=386 parse_err=0 decode_fail=0 vessels=4517 subs=2
2026/08/20 13:05:02.554086 events=115820 dup=394 parse_err=0 decode_fail=0 vessels=4519 subs=2
2026/08/20 13:05:32.545494 events=118017 dup=400 parse_err=0 decode_fail=0 vessels=4522 subs=2
2026/08/20 13:06:02.545685 events=120229 dup=408 parse_err=0 decode_fail=0 vessels=4527 subs=2
2026/08/20 13:06:32.546349 events=122490 dup=416 parse_err=0 decode_fail=0 vessels=4533 subs=2
2026/08/20 13:07:02.557596 events=124787 dup=421 parse_err=0 decode_fail=0 vessels=4537 subs=2
2026/08/20 13:07:32.546908 events=127037 dup=427 parse_err=0 decode_fail=0 vessels=4540 subs=2
2026/08/20 13:08:02.547178 events=129314 dup=438 parse_err=0 decode_fail=0 vessels=4544 subs=2
2026/08/20 13:08:32.547338 events=131536 dup=445 parse_err=0 decode_fail=0 vessels=4543 subs=2
2026/08/20 13:09:02.547650 events=133806 dup=452 parse_err=0 decode_fail=0 vessels=4544 subs=2
2026/08/20 13:09:32.560710 events=136031 dup=459 parse_err=0 decode_fail=0 vessels=4543 subs=2
2026/08/20 13:10:02.548387 events=138235 dup=466 parse_err=0 decode_fail=0 vessels=4539 subs=2
2026/08/20 13:10:32.558115 events=140426 dup=470 parse_err=0 decode_fail=0 vessels=4537 subs=2
2026/08/20 13:11:02.548621 events=142639 dup=478 parse_err=0 decode_fail=0 vessels=4538 subs=2
2026/08/20 13:11:32.560297 events=144859 dup=486 parse_err=0 decode_fail=0 vessels=4535 subs=2
2026/08/20 13:12:02.549653 events=147040 dup=496 parse_err=0 decode_fail=0 vessels=4532 subs=2
2026/08/20 13:12:32.549503 events=149272 dup=503 parse_err=0 decode_fail=0 vessels=4533 subs=2
2026/08/20 13:13:02.550089 events=151485 dup=512 parse_err=0 decode_fail=0 vessels=4533 subs=2
2026/08/20 13:13:32.550306 events=153653 dup=519 parse_err=0 decode_fail=0 vessels=4535 subs=2
2026/08/20 13:14:02.562410 events=155859 dup=528 parse_err=0 decode_fail=0 vessels=4538 subs=2
2026/08/20 13:14:32.551172 events=158018 dup=534 parse_err=0 decode_fail=0 vessels=4539 subs=2
2026/08/20 13:15:02.554606 events=160234 dup=540 parse_err=0 decode_fail=0 vessels=4538 subs=2
2026/08/20 13:15:32.551536 events=162494 dup=546 parse_err=0 decode_fail=0 vessels=4538 subs=2
2026/08/20 13:16:02.552001 events=164679 dup=552 parse_err=0 decode_fail=0 vessels=4535 subs=2
2026/08/20 13:16:32.562708 events=166854 dup=559 parse_err=0 decode_fail=0 vessels=4529 subs=2
2026/08/20 13:17:02.587105 events=169061 dup=566 parse_err=0 decode_fail=0 vessels=4524 subs=2
2026/08/20 13:17:32.568012 events=171187 dup=573 parse_err=0 decode_fail=0 vessels=4522 subs=2
2026/08/20 13:18:02.553024 events=173383 dup=582 parse_err=0 decode_fail=0 vessels=4517 subs=2
2026/08/20 13:18:32.556870 events=175573 dup=591 parse_err=0 decode_fail=0 vessels=4520 subs=2
2026/08/20 13:19:02.563983 events=177734 dup=598 parse_err=0 decode_fail=0 vessels=4521 subs=2
2026/08/20 13:19:32.558743 events=179829 dup=604 parse_err=0 decode_fail=0 vessels=4518 subs=2
2026/08/20 13:20:02.554404 events=182059 dup=613 parse_err=0 decode_fail=0 vessels=4520 subs=2
2026/08/20 13:20:32.562730 events=184207 dup=621 parse_err=0 decode_fail=0 vessels=4520 subs=2
2026/08/20 13:21:02.554934 events=186332 dup=627 parse_err=0 decode_fail=0 vessels=4520 subs=2
2026/08/20 13:21:32.555378 events=188542 dup=635 parse_err=0 decode_fail=0 vessels=4520 subs=2
2026/08/20 13:22:02.562825 events=190725 dup=643 parse_err=0 decode_fail=0 vessels=4521 subs=2
2026/08/20 13:22:32.555957 events=192819 dup=651 parse_err=0 decode_fail=0 vessels=4517 subs=2
2026/08/20 13:23:02.556211 events=194989 dup=656 parse_err=0 decode_fail=0 vessels=4517 subs=2
2026/08/20 13:23:32.566386 events=197198 dup=665 parse_err=0 decode_fail=0 vessels=4516 subs=2
2026/08/20 13:24:02.561728 events=199370 dup=673 parse_err=0 decode_fail=0 vessels=4514 subs=2
2026/08/20 13:24:32.564216 events=201517 dup=682 parse_err=0 decode_fail=0 vessels=4515 subs=2
2026/08/20 13:25:02.565168 events=203735 dup=687 parse_err=0 decode_fail=0 vessels=4515 subs=2
2026/08/20 13:25:32.568118 events=205890 dup=693 parse_err=0 decode_fail=0 vessels=4509 subs=2
2026/08/20 13:26:02.571619 events=208028 dup=703 parse_err=0 decode_fail=0 vessels=4509 subs=2
2026/08/20 13:26:32.567210 events=210141 dup=711 parse_err=0 decode_fail=0 vessels=4508 subs=2
2026/08/20 13:27:02.567897 events=212302 dup=718 parse_err=0 decode_fail=0 vessels=4505 subs=2
2026/08/20 13:27:32.559183 events=214530 dup=724 parse_err=0 decode_fail=0 vessels=4506 subs=2
2026/08/20 13:28:02.570436 events=216698 dup=731 parse_err=0 decode_fail=0 vessels=4507 subs=2
2026/08/20 13:28:32.569088 events=218839 dup=740 parse_err=0 decode_fail=0 vessels=4510 subs=2
2026/08/20 13:29:02.571681 events=220992 dup=749 parse_err=0 decode_fail=0 vessels=4505 subs=2
2026/08/20 13:29:32.567385 events=223208 dup=758 parse_err=0 decode_fail=0 vessels=4507 subs=2
2026/08/20 13:30:02.559877 events=225377 dup=766 parse_err=0 decode_fail=0 vessels=4512 subs=2
2026/08/20 13:30:32.565314 events=227584 dup=774 parse_err=0 decode_fail=0 vessels=4510 subs=2
2026/08/20 13:31:02.571302 events=229777 dup=782 parse_err=0 decode_fail=0 vessels=4511 subs=2
2026/08/20 13:31:32.566967 events=231979 dup=793 parse_err=0 decode_fail=0 vessels=4510 subs=2
2026/08/20 13:32:02.573263 events=234182 dup=799 parse_err=0 decode_fail=0 vessels=4508 subs=2
2026/08/20 13:32:32.561788 events=236347 dup=807 parse_err=0 decode_fail=0 vessels=4508 subs=2
2026/08/20 13:33:02.574285 events=238562 dup=816 parse_err=0 decode_fail=0 vessels=4510 subs=2
2026/08/20 13:33:32.571668 events=240749 dup=823 parse_err=0 decode_fail=0 vessels=4508 subs=2
2026/08/20 13:34:02.571865 events=242905 dup=830 parse_err=0 decode_fail=0 vessels=4509 subs=2
2026/08/20 13:34:32.562820 events=245005 dup=837 parse_err=0 decode_fail=0 vessels=4508 subs=2
2026/08/20 13:35:02.563192 events=247192 dup=846 parse_err=0 decode_fail=0 vessels=4507 subs=2
2026/08/20 13:35:32.573962 events=249361 dup=851 parse_err=0 decode_fail=0 vessels=4508 subs=2
2026/08/20 13:36:02.563917 events=251541 dup=858 parse_err=0 decode_fail=0 vessels=4509 subs=2
2026/08/20 13:36:32.575484 events=253692 dup=866 parse_err=0 decode_fail=0 vessels=4508 subs=2
2026/08/20 13:37:02.575519 events=255791 dup=873 parse_err=0 decode_fail=0 vessels=4505 subs=2
2026/08/20 13:37:32.568993 events=257906 dup=880 parse_err=0 decode_fail=0 vessels=4505 subs=2
2026/08/20 13:38:02.574070 events=260028 dup=889 parse_err=0 decode_fail=0 vessels=4505 subs=2
2026/08/20 13:38:32.573433 events=262091 dup=894 parse_err=0 decode_fail=0 vessels=4507 subs=2
2026/08/20 13:39:02.576972 events=264254 dup=901 parse_err=0 decode_fail=0 vessels=4505 subs=2
2026/08/20 13:39:32.576128 events=266459 dup=909 parse_err=0 decode_fail=0 vessels=4507 subs=2
2026/08/20 13:40:02.566564 events=268537 dup=916 parse_err=0 decode_fail=0 vessels=4507 subs=2
2026/08/20 13:40:32.576157 events=270698 dup=924 parse_err=0 decode_fail=0 vessels=4509 subs=2
2026/08/20 13:41:02.567029 events=272839 dup=930 parse_err=0 decode_fail=0 vessels=4509 subs=2
2026/08/20 13:41:32.580439 events=275023 dup=935 parse_err=0 decode_fail=0 vessels=4510 subs=2
2026/08/20 13:42:02.574550 events=277230 dup=941 parse_err=0 decode_fail=0 vessels=4514 subs=2
2026/08/20 13:42:32.567581 events=279455 dup=949 parse_err=0 decode_fail=0 vessels=4514 subs=2
2026/08/20 13:43:02.568210 events=281597 dup=957 parse_err=0 decode_fail=0 vessels=4515 subs=2
2026/08/20 13:43:32.568737 events=283676 dup=965 parse_err=0 decode_fail=0 vessels=4513 subs=2
2026/08/20 13:44:02.572674 events=285760 dup=971 parse_err=0 decode_fail=0 vessels=4509 subs=2
2026/08/20 13:44:32.579340 events=287870 dup=978 parse_err=0 decode_fail=0 vessels=4507 subs=2
2026/08/20 13:45:02.578050 events=290008 dup=984 parse_err=0 decode_fail=0 vessels=4508 subs=2
2026/08/20 13:45:32.578789 events=292173 dup=993 parse_err=0 decode_fail=0 vessels=4507 subs=2
2026/08/20 13:46:02.570060 events=294374 dup=1001 parse_err=0 decode_fail=0 vessels=4507 subs=2
2026/08/20 13:46:32.570194 events=296481 dup=1007 parse_err=0 decode_fail=0 vessels=4507 subs=2
2026/08/20 13:47:02.581133 events=298649 dup=1015 parse_err=0 decode_fail=0 vessels=4508 subs=2
2026/08/20 13:47:32.570944 events=300849 dup=1020 parse_err=0 decode_fail=0 vessels=4506 subs=2
2026/08/20 13:48:02.571117 events=303056 dup=1027 parse_err=0 decode_fail=0 vessels=4506 subs=1
2026/08/20 13:48:32.582044 events=305198 dup=1036 parse_err=0 decode_fail=0 vessels=4507 subs=1
2026/08/20 13:49:02.581585 events=307468 dup=1042 parse_err=0 decode_fail=0 vessels=4504 subs=1
2026/08/20 13:49:32.572696 events=309638 dup=1049 parse_err=0 decode_fail=0 vessels=4505 subs=1
2026/08/20 13:50:02.583356 events=311806 dup=1054 parse_err=0 decode_fail=0 vessels=4503 subs=1
2026/08/20 13:50:32.582149 events=313951 dup=1061 parse_err=0 decode_fail=0 vessels=4506 subs=1
2026/08/20 13:51:02.583313 events=316207 dup=1070 parse_err=0 decode_fail=0 vessels=4506 subs=1
2026/08/20 13:51:32.582070 events=318434 dup=1075 parse_err=0 decode_fail=0 vessels=4507 subs=1
2026/08/20 13:52:02.585239 events=320582 dup=1083 parse_err=0 decode_fail=0 vessels=4507 subs=1
2026/08/20 13:52:32.574230 events=322699 dup=1089 parse_err=0 decode_fail=0 vessels=4504 subs=1
2026/08/20 13:53:02.584014 events=324889 dup=1098 parse_err=0 decode_fail=0 vessels=4499 subs=1
2026/08/20 13:53:32.574657 events=327119 dup=1105 parse_err=0 decode_fail=0 vessels=4500 subs=1
2026/08/20 13:54:02.575174 events=329321 dup=1112 parse_err=0 decode_fail=0 vessels=4502 subs=1
2026/08/20 13:54:32.575466 events=331475 dup=1120 parse_err=0 decode_fail=0 vessels=4500 subs=1
2026/08/20 13:55:02.586681 events=333656 dup=1125 parse_err=0 decode_fail=0 vessels=4503 subs=1
2026/08/20 13:55:32.586264 events=335856 dup=1134 parse_err=0 decode_fail=0 vessels=4505 subs=1
2026/08/20 13:56:02.585275 events=337951 dup=1145 parse_err=0 decode_fail=0 vessels=4506 subs=1
2026/08/20 13:56:32.576818 events=340059 dup=1150 parse_err=0 decode_fail=0 vessels=4507 subs=1
2026/08/20 13:57:02.587802 events=342236 dup=1158 parse_err=0 decode_fail=0 vessels=4504 subs=1
2026/08/20 13:57:32.577230 events=344448 dup=1166 parse_err=0 decode_fail=0 vessels=4508 subs=1
2026/08/20 13:58:02.577651 events=346539 dup=1174 parse_err=0 decode_fail=0 vessels=4507 subs=1
2026/08/20 13:58:32.581262 events=348564 dup=1178 parse_err=0 decode_fail=0 vessels=4508 subs=1
2026/08/20 13:59:02.578082 events=350701 dup=1188 parse_err=0 decode_fail=0 vessels=4511 subs=1
2026/08/20 13:59:32.590711 events=352851 dup=1193 parse_err=0 decode_fail=0 vessels=4511 subs=1
2026/08/20 14:00:02.578871 events=354997 dup=1199 parse_err=0 decode_fail=0 vessels=4512 subs=1
2026/08/20 14:00:32.584295 events=357014 dup=1205 parse_err=0 decode_fail=0 vessels=4511 subs=1
2026/08/20 14:01:02.591014 events=359208 dup=1213 parse_err=0 decode_fail=0 vessels=4511 subs=1
2026/08/20 14:01:32.591226 events=361398 dup=1223 parse_err=0 decode_fail=0 vessels=4510 subs=1
2026/08/20 14:02:02.580064 events=363613 dup=1231 parse_err=0 decode_fail=0 vessels=4503 subs=1
2026/08/20 14:02:32.580414 events=365601 dup=1240 parse_err=0 decode_fail=0 vessels=4503 subs=1
2026/08/20 14:03:02.580460 events=367848 dup=1247 parse_err=0 decode_fail=0 vessels=4505 subs=1
2026/08/20 14:03:32.590642 events=369944 dup=1252 parse_err=0 decode_fail=0 vessels=4503 subs=1
2026/08/20 14:04:02.534949 events=372127 dup=1261 parse_err=0 decode_fail=0 vessels=4506 subs=1
2026/08/20 14:04:32.526559 events=374161 dup=1265 parse_err=0 decode_fail=0 vessels=4506 subs=1
2026/08/20 14:05:02.521480 events=376409 dup=1273 parse_err=0 decode_fail=0 vessels=4503 subs=2
2026/08/20 14:05:32.535024 events=378532 dup=1281 parse_err=0 decode_fail=0 vessels=4504 subs=2
2026/08/20 14:06:02.528806 events=380745 dup=1290 parse_err=0 decode_fail=0 vessels=4511 subs=2
2026/08/20 14:06:32.533163 events=382843 dup=1297 parse_err=0 decode_fail=0 vessels=4510 subs=2
2026/08/20 14:07:02.520646 events=385028 dup=1303 parse_err=0 decode_fail=0 vessels=4510 subs=2
2026/08/20 14:07:32.531612 events=387155 dup=1309 parse_err=0 decode_fail=0 vessels=4512 subs=2
2026/08/20 14:08:02.520107 events=389312 dup=1317 parse_err=0 decode_fail=0 vessels=4513 subs=2
2026/08/20 14:08:32.530024 events=391363 dup=1324 parse_err=0 decode_fail=0 vessels=4516 subs=2
2026/08/20 14:09:02.530088 events=393519 dup=1330 parse_err=0 decode_fail=0 vessels=4518 subs=2
2026/08/20 14:09:32.520045 events=395778 dup=1339 parse_err=0 decode_fail=0 vessels=4520 subs=2
2026/08/20 14:10:02.519704 events=397900 dup=1346 parse_err=0 decode_fail=0 vessels=4520 subs=2
2026/08/20 14:10:32.525401 events=399956 dup=1354 parse_err=0 decode_fail=0 vessels=4521 subs=2
2026/08/20 14:11:02.519546 events=402085 dup=1359 parse_err=0 decode_fail=0 vessels=4525 subs=2
2026/08/20 14:11:32.528192 events=404307 dup=1367 parse_err=0 decode_fail=0 vessels=4520 subs=2
2026/08/20 14:12:02.529904 events=406444 dup=1373 parse_err=0 decode_fail=0 vessels=4523 subs=2
2026/08/20 14:12:32.526374 events=408583 dup=1381 parse_err=0 decode_fail=0 vessels=4518 subs=2
2026/08/20 14:13:02.518149 events=410652 dup=1389 parse_err=0 decode_fail=0 vessels=4519 subs=2
2026/08/20 14:13:32.518542 events=412786 dup=1395 parse_err=0 decode_fail=0 vessels=4515 subs=2
2026/08/20 14:14:02.518771 events=414943 dup=1402 parse_err=0 decode_fail=0 vessels=4512 subs=2
2026/08/20 14:14:32.531416 events=416977 dup=1410 parse_err=0 decode_fail=0 vessels=4512 subs=2
2026/08/20 14:15:02.517854 events=419068 dup=1419 parse_err=0 decode_fail=0 vessels=4515 subs=2
2026/08/20 14:15:32.517753 events=421281 dup=1424 parse_err=0 decode_fail=0 vessels=4513 subs=2
2026/08/20 14:16:02.528230 events=423347 dup=1432 parse_err=0 decode_fail=0 vessels=4521 subs=2
2026/08/20 14:16:32.517700 events=425493 dup=1437 parse_err=0 decode_fail=0 vessels=4524 subs=2
2026/08/20 14:17:02.517886 events=427584 dup=1442 parse_err=0 decode_fail=0 vessels=4525 subs=2
2026/08/20 14:17:32.517445 events=429822 dup=1452 parse_err=0 decode_fail=0 vessels=4532 subs=2
2026/08/20 14:18:02.516950 events=431998 dup=1458 parse_err=0 decode_fail=0 vessels=4531 subs=2
2026/08/20 14:18:32.516914 events=434161 dup=1465 parse_err=0 decode_fail=0 vessels=4532 subs=2
2026/08/20 14:19:02.516729 events=436278 dup=1471 parse_err=0 decode_fail=0 vessels=4532 subs=2
2026/08/20 14:19:32.527561 events=438406 dup=1478 parse_err=0 decode_fail=0 vessels=4532 subs=2
2026/08/20 14:20:02.530625 events=440568 dup=1485 parse_err=0 decode_fail=0 vessels=4533 subs=2
2026/08/20 14:20:32.532956 events=442689 dup=1494 parse_err=0 decode_fail=0 vessels=4531 subs=2
2026/08/20 14:21:02.519601 events=444795 dup=1503 parse_err=0 decode_fail=0 vessels=4531 subs=2
2026/08/20 14:21:32.516290 events=447044 dup=1511 parse_err=0 decode_fail=0 vessels=4532 subs=2
2026/08/20 14:22:02.533659 events=449238 dup=1518 parse_err=0 decode_fail=0 vessels=4538 subs=2
2026/08/20 14:22:32.526179 events=451376 dup=1527 parse_err=0 decode_fail=0 vessels=4534 subs=2
2026/08/20 14:23:02.527575 events=453532 dup=1533 parse_err=0 decode_fail=0 vessels=4543 subs=2
2026/08/20 14:23:32.515623 events=455742 dup=1544 parse_err=0 decode_fail=0 vessels=4548 subs=2
2026/08/20 14:24:02.527012 events=457948 dup=1550 parse_err=0 decode_fail=0 vessels=4545 subs=2
2026/08/20 14:24:32.530581 events=460096 dup=1555 parse_err=0 decode_fail=0 vessels=4546 subs=2
2026/08/20 14:25:02.527397 events=462220 dup=1564 parse_err=0 decode_fail=0 vessels=4544 subs=2
2026/08/20 14:25:32.527644 events=464392 dup=1569 parse_err=0 decode_fail=0 vessels=4543 subs=2
2026/08/20 14:26:02.534575 events=466550 dup=1577 parse_err=0 decode_fail=0 vessels=4542 subs=2
2026/08/20 14:26:32.514438 events=468670 dup=1582 parse_err=0 decode_fail=0 vessels=4541 subs=2
2026/08/20 14:27:02.525006 events=470835 dup=1593 parse_err=0 decode_fail=0 vessels=4541 subs=2
2026/08/20 14:27:32.514307 events=473062 dup=1603 parse_err=0 decode_fail=0 vessels=4538 subs=2
2026/08/20 14:28:02.526211 events=475184 dup=1611 parse_err=0 decode_fail=0 vessels=4538 subs=2
2026/08/20 14:28:32.524149 events=477253 dup=1618 parse_err=0 decode_fail=0 vessels=4536 subs=2
2026/08/20 14:29:02.514349 events=479395 dup=1624 parse_err=0 decode_fail=0 vessels=4535 subs=2
2026/08/20 14:29:32.526192 events=481530 dup=1631 parse_err=0 decode_fail=0 vessels=4535 subs=2
2026/08/20 14:30:02.513624 events=483685 dup=1638 parse_err=0 decode_fail=0 vessels=4535 subs=2
2026/08/20 14:30:32.512972 events=485855 dup=1645 parse_err=0 decode_fail=0 vessels=4537 subs=2
2026/08/20 14:31:02.527076 events=488065 dup=1654 parse_err=0 decode_fail=0 vessels=4536 subs=2
2026/08/20 14:31:32.513367 events=490192 dup=1661 parse_err=0 decode_fail=0 vessels=4536 subs=2
2026/08/20 14:32:02.513076 events=492381 dup=1667 parse_err=0 decode_fail=0 vessels=4539 subs=2
2026/08/20 14:32:32.523464 events=494520 dup=1674 parse_err=0 decode_fail=0 vessels=4537 subs=2
2026/08/20 14:33:02.512999 events=496682 dup=1683 parse_err=0 decode_fail=0 vessels=4534 subs=2
2026/08/20 14:33:32.520805 events=498824 dup=1690 parse_err=0 decode_fail=0 vessels=4533 subs=2
2026/08/20 14:34:02.524962 events=500954 dup=1697 parse_err=0 decode_fail=0 vessels=4528 subs=2
2026/08/20 14:34:32.512364 events=503015 dup=1704 parse_err=0 decode_fail=0 vessels=4529 subs=2
2026/08/20 14:35:02.512164 events=505145 dup=1712 parse_err=0 decode_fail=0 vessels=4527 subs=2
2026/08/20 14:35:32.512387 events=507263 dup=1719 parse_err=0 decode_fail=0 vessels=4532 subs=2
2026/08/20 14:36:02.524526 events=509359 dup=1726 parse_err=0 decode_fail=0 vessels=4526 subs=2
2026/08/20 14:36:32.527462 events=511516 dup=1733 parse_err=0 decode_fail=0 vessels=4529 subs=2
2026/08/20 14:37:02.521851 events=513616 dup=1739 parse_err=0 decode_fail=0 vessels=4531 subs=2
2026/08/20 14:37:32.523228 events=515732 dup=1744 parse_err=0 decode_fail=0 vessels=4531 subs=2
2026/08/20 14:38:02.521079 events=517856 dup=1752 parse_err=0 decode_fail=0 vessels=4526 subs=2
2026/08/20 14:38:32.522583 events=519910 dup=1758 parse_err=0 decode_fail=0 vessels=4522 subs=2
2026/08/20 14:39:02.510979 events=522067 dup=1767 parse_err=0 decode_fail=0 vessels=4516 subs=2
2026/08/20 14:39:32.511013 events=524225 dup=1774 parse_err=0 decode_fail=0 vessels=4517 subs=2
2026/08/20 14:40:02.523485 events=526385 dup=1782 parse_err=0 decode_fail=0 vessels=4519 subs=2
2026/08/20 14:40:32.517881 events=528515 dup=1790 parse_err=0 decode_fail=0 vessels=4518 subs=2
2026/08/20 14:41:02.510512 events=530697 dup=1796 parse_err=0 decode_fail=0 vessels=4518 subs=2
2026/08/20 14:41:32.510062 events=532827 dup=1803 parse_err=0 decode_fail=0 vessels=4518 subs=2
2026/08/20 14:42:02.523795 events=535001 dup=1811 parse_err=0 decode_fail=0 vessels=4522 subs=2
2026/08/20 14:42:32.521171 events=537124 dup=1818 parse_err=0 decode_fail=0 vessels=4527 subs=2
2026/08/20 14:43:02.510209 events=539262 dup=1823 parse_err=0 decode_fail=0 vessels=4526 subs=2
2026/08/20 14:43:32.522040 events=541375 dup=1831 parse_err=0 decode_fail=0 vessels=4529 subs=2
2026/08/20 14:44:02.521481 events=543505 dup=1838 parse_err=0 decode_fail=0 vessels=4530 subs=2
2026/08/20 14:44:32.517605 events=545618 dup=1846 parse_err=0 decode_fail=0 vessels=4530 subs=2
2026/08/20 14:45:02.516190 events=547810 dup=1852 parse_err=0 decode_fail=0 vessels=4531 subs=2
2026/08/20 14:45:32.524246 events=550016 dup=1860 parse_err=0 decode_fail=0 vessels=4533 subs=2
2026/08/20 14:46:02.508992 events=552160 dup=1867 parse_err=0 decode_fail=0 vessels=4529 subs=2
2026/08/20 14:46:32.508992 events=554238 dup=1874 parse_err=0 decode_fail=0 vessels=4532 subs=2
2026/08/20 14:47:02.518862 events=556429 dup=1881 parse_err=0 decode_fail=0 vessels=4529 subs=2
2026/08/20 14:47:32.508716 events=558619 dup=1891 parse_err=0 decode_fail=0 vessels=4526 subs=2
2026/08/20 14:48:02.508294 events=560759 dup=1900 parse_err=0 decode_fail=0 vessels=4526 subs=2
2026/08/20 14:48:32.544784 events=562829 dup=1906 parse_err=0 decode_fail=0 vessels=4528 subs=2
2026/08/20 14:49:02.553446 events=565019 dup=1913 parse_err=0 decode_fail=0 vessels=4531 subs=2
2026/08/20 14:49:32.563524 events=567209 dup=1920 parse_err=0 decode_fail=0 vessels=4530 subs=2
2026/08/20 14:50:02.566479 events=569345 dup=1926 parse_err=0 decode_fail=0 vessels=4527 subs=2
2026/08/20 14:50:32.555794 events=571418 dup=1931 parse_err=0 decode_fail=0 vessels=4526 subs=2
2026/08/20 14:51:02.566801 events=573585 dup=1942 parse_err=0 decode_fail=0 vessels=4528 subs=2
2026/08/20 14:51:32.563742 events=575797 dup=1949 parse_err=0 decode_fail=0 vessels=4532 subs=2
2026/08/20 14:52:02.556301 events=577983 dup=1956 parse_err=0 decode_fail=0 vessels=4530 subs=2
2026/08/20 14:52:32.567718 events=580048 dup=1962 parse_err=0 decode_fail=0 vessels=4530 subs=2
2026/08/20 14:53:02.569502 events=582246 dup=1970 parse_err=0 decode_fail=0 vessels=4527 subs=2
2026/08/20 14:53:32.556753 events=584515 dup=1977 parse_err=0 decode_fail=0 vessels=4525 subs=2
2026/08/20 14:54:02.565005 events=586658 dup=1984 parse_err=0 decode_fail=0 vessels=4525 subs=2
2026/08/20 14:54:32.569023 events=588808 dup=1993 parse_err=0 decode_fail=0 vessels=4522 subs=2
2026/08/20 14:55:02.557383 events=590929 dup=1999 parse_err=0 decode_fail=0 vessels=4523 subs=2
2026/08/20 14:55:32.557467 events=593152 dup=2007 parse_err=0 decode_fail=0 vessels=4521 subs=2
2026/08/20 14:56:02.569902 events=595344 dup=2015 parse_err=0 decode_fail=0 vessels=4517 subs=2
2026/08/20 14:56:32.558093 events=597428 dup=2023 parse_err=0 decode_fail=0 vessels=4523 subs=2
2026/08/20 14:57:02.570295 events=599503 dup=2030 parse_err=0 decode_fail=0 vessels=4520 subs=2
2026/08/20 14:57:32.570732 events=601708 dup=2038 parse_err=0 decode_fail=0 vessels=4519 subs=2
2026/08/20 14:58:02.558686 events=603852 dup=2045 parse_err=0 decode_fail=0 vessels=4522 subs=2
2026/08/20 14:58:32.566716 events=605994 dup=2055 parse_err=0 decode_fail=0 vessels=4521 subs=2
2026/08/20 14:59:02.566464 events=608144 dup=2065 parse_err=0 decode_fail=0 vessels=4519 subs=2
2026/08/20 14:59:32.559538 events=610341 dup=2071 parse_err=0 decode_fail=0 vessels=4520 subs=2
2026/08/20 15:00:02.559713 events=612468 dup=2078 parse_err=0 decode_fail=0 vessels=4520 subs=2
2026/08/20 15:00:32.573043 events=614637 dup=2086 parse_err=0 decode_fail=0 vessels=4518 subs=2
2026/08/20 15:01:02.572402 events=616708 dup=2093 parse_err=0 decode_fail=0 vessels=4519 subs=2
2026/08/20 15:01:32.570353 events=618899 dup=2099 parse_err=0 decode_fail=0 vessels=4517 subs=2
2026/08/20 15:02:02.559886 events=621040 dup=2107 parse_err=0 decode_fail=0 vessels=4513 subs=2
2026/08/20 15:02:32.572933 events=623145 dup=2114 parse_err=0 decode_fail=0 vessels=4511 subs=2
2026/08/20 15:03:02.560801 events=625308 dup=2121 parse_err=0 decode_fail=0 vessels=4509 subs=2
2026/08/20 15:03:32.560894 events=627482 dup=2127 parse_err=0 decode_fail=0 vessels=4511 subs=2
2026/08/20 15:04:02.561502 events=629663 dup=2134 parse_err=0 decode_fail=0 vessels=4513 subs=2
2026/08/20 15:04:32.572222 events=631780 dup=2140 parse_err=0 decode_fail=0 vessels=4515 subs=2
2026/08/20 15:05:02.561038 events=633998 dup=2148 parse_err=0 decode_fail=0 vessels=4515 subs=2
2026/08/20 15:05:32.561859 events=636129 dup=2153 parse_err=0 decode_fail=0 vessels=4511 subs=2
2026/08/20 15:06:02.569670 events=638367 dup=2160 parse_err=0 decode_fail=0 vessels=4513 subs=2
2026/08/20 15:06:32.574430 events=640483 dup=2169 parse_err=0 decode_fail=0 vessels=4517 subs=2
2026/08/20 15:07:02.572700 events=642676 dup=2178 parse_err=0 decode_fail=0 vessels=4517 subs=2
2026/08/20 15:07:32.568424 events=644813 dup=2183 parse_err=0 decode_fail=0 vessels=4520 subs=2
2026/08/20 15:08:02.562371 events=647019 dup=2190 parse_err=0 decode_fail=0 vessels=4517 subs=2
2026/08/20 15:08:32.563109 events=649138 dup=2196 parse_err=0 decode_fail=0 vessels=4515 subs=2
2026/08/20 15:09:02.563054 events=651297 dup=2206 parse_err=0 decode_fail=0 vessels=4516 subs=2
2026/08/20 15:09:32.572586 events=653486 dup=2212 parse_err=0 decode_fail=0 vessels=4515 subs=2
2026/08/20 15:10:02.563122 events=655640 dup=2220 parse_err=0 decode_fail=0 vessels=4514 subs=2
2026/08/20 15:10:32.563603 events=657828 dup=2229 parse_err=0 decode_fail=0 vessels=4511 subs=2
2026/08/20 15:11:02.563888 events=660034 dup=2236 parse_err=0 decode_fail=0 vessels=4514 subs=2
2026/08/20 15:11:32.572753 events=662204 dup=2240 parse_err=0 decode_fail=0 vessels=4515 subs=2
2026/08/20 15:12:02.575654 events=664377 dup=2247 parse_err=0 decode_fail=0 vessels=4514 subs=2
2026/08/20 15:12:32.573422 events=666548 dup=2253 parse_err=0 decode_fail=0 vessels=4509 subs=2
2026/08/20 15:13:02.633965 events=668730 dup=2260 parse_err=0 decode_fail=0 vessels=4512 subs=2
2026/08/20 15:13:32.564491 events=670857 dup=2269 parse_err=0 decode_fail=0 vessels=4511 subs=2
2026/08/20 15:14:02.564719 events=672998 dup=2277 parse_err=0 decode_fail=0 vessels=4516 subs=2
2026/08/20 15:14:32.575276 events=675148 dup=2285 parse_err=0 decode_fail=0 vessels=4514 subs=2
2026/08/20 15:15:02.578868 events=677279 dup=2295 parse_err=0 decode_fail=0 vessels=4512 subs=2
2026/08/20 15:15:32.566180 events=679460 dup=2302 parse_err=0 decode_fail=0 vessels=4516 subs=2
2026/08/20 15:16:02.564824 events=681693 dup=2310 parse_err=0 decode_fail=0 vessels=4519 subs=2
2026/08/20 15:16:32.565794 events=683803 dup=2317 parse_err=0 decode_fail=0 vessels=4518 subs=2
2026/08/20 15:17:02.579490 events=685995 dup=2324 parse_err=0 decode_fail=0 vessels=4521 subs=2
2026/08/20 15:17:32.566094 events=688167 dup=2329 parse_err=0 decode_fail=0 vessels=4516 subs=2
2026/08/20 15:18:02.566063 events=690382 dup=2335 parse_err=0 decode_fail=0 vessels=4516 subs=2
2026/08/20 15:18:32.575803 events=692539 dup=2344 parse_err=0 decode_fail=0 vessels=4512 subs=2
2026/08/20 15:19:02.575557 events=694724 dup=2351 parse_err=0 decode_fail=0 vessels=4513 subs=2
2026/08/20 15:19:32.566502 events=696843 dup=2357 parse_err=0 decode_fail=0 vessels=4512 subs=2
2026/08/20 15:20:02.578640 events=699032 dup=2364 parse_err=0 decode_fail=0 vessels=4512 subs=2
2026/08/20 15:20:32.566697 events=701180 dup=2370 parse_err=0 decode_fail=0 vessels=4510 subs=2
2026/08/20 15:21:02.567291 events=703392 dup=2377 parse_err=0 decode_fail=0 vessels=4509 subs=2
2026/08/20 15:21:32.578242 events=705630 dup=2384 parse_err=0 decode_fail=0 vessels=4510 subs=2
2026/08/20 15:22:02.579984 events=707839 dup=2392 parse_err=0 decode_fail=0 vessels=4509 subs=2
2026/08/20 15:22:32.579886 events=709981 dup=2398 parse_err=0 decode_fail=0 vessels=4507 subs=2
2026/08/20 15:23:02.583626 events=712156 dup=2403 parse_err=0 decode_fail=0 vessels=4507 subs=2
2026/08/20 15:23:32.567888 events=714323 dup=2410 parse_err=0 decode_fail=0 vessels=4510 subs=2
2026/08/20 15:24:02.583943 events=716511 dup=2417 parse_err=0 decode_fail=0 vessels=4507 subs=2
2026/08/20 15:24:32.568481 events=718670 dup=2426 parse_err=0 decode_fail=0 vessels=4504 subs=2
2026/08/20 15:25:02.568878 events=720890 dup=2433 parse_err=0 decode_fail=0 vessels=4504 subs=2
2026/08/20 15:25:32.568604 events=723019 dup=2441 parse_err=0 decode_fail=0 vessels=4505 subs=2
2026/08/20 15:26:02.569047 events=725258 dup=2450 parse_err=0 decode_fail=0 vessels=4509 subs=2
2026/08/20 15:26:32.579615 events=727361 dup=2458 parse_err=0 decode_fail=0 vessels=4508 subs=2
2026/08/20 15:27:02.581248 events=729510 dup=2464 parse_err=0 decode_fail=0 vessels=4508 subs=2
2026/08/20 15:27:32.578032 events=731713 dup=2472 parse_err=0 decode_fail=0 vessels=4506 subs=2
2026/08/20 15:28:02.569879 events=733940 dup=2478 parse_err=0 decode_fail=0 vessels=4506 subs=2
2026/08/20 15:28:32.570194 events=736012 dup=2484 parse_err=0 decode_fail=0 vessels=4506 subs=2
2026/08/20 15:29:02.570138 events=738174 dup=2492 parse_err=0 decode_fail=0 vessels=4502 subs=2
2026/08/20 15:29:32.570457 events=740339 dup=2497 parse_err=0 decode_fail=0 vessels=4498 subs=2
2026/08/20 15:30:02.582784 events=742527 dup=2504 parse_err=0 decode_fail=0 vessels=4496 subs=2
2026/08/20 15:30:32.570769 events=744654 dup=2513 parse_err=0 decode_fail=0 vessels=4494 subs=2
2026/08/20 15:31:02.580328 events=746833 dup=2519 parse_err=0 decode_fail=0 vessels=4492 subs=2
2026/08/20 15:31:32.571419 events=748988 dup=2527 parse_err=0 decode_fail=0 vessels=4492 subs=2
2026/08/20 15:32:02.571562 events=751178 dup=2534 parse_err=0 decode_fail=0 vessels=4495 subs=2
2026/08/20 15:32:32.581873 events=753274 dup=2540 parse_err=0 decode_fail=0 vessels=4496 subs=2
2026/08/20 15:33:02.587240 events=755445 dup=2549 parse_err=0 decode_fail=1 vessels=4494 subs=2
2026/08/20 15:33:32.576931 events=757639 dup=2556 parse_err=0 decode_fail=3 vessels=4491 subs=2
2026/08/20 15:34:02.577584 events=759787 dup=2563 parse_err=0 decode_fail=6 vessels=4490 subs=2
2026/08/20 15:34:32.582519 events=761919 dup=2570 parse_err=0 decode_fail=8 vessels=4492 subs=2
2026/08/20 15:35:02.572601 events=764117 dup=2577 parse_err=0 decode_fail=11 vessels=4492 subs=2
2026/08/20 15:35:32.572691 events=766277 dup=2583 parse_err=0 decode_fail=14 vessels=4494 subs=2
2026/08/20 15:36:02.581906 events=768386 dup=2594 parse_err=0 decode_fail=17 vessels=4491 subs=2
2026/08/20 15:36:32.588704 events=770529 dup=2599 parse_err=0 decode_fail=20 vessels=4486 subs=2
2026/08/20 15:37:02.573799 events=772772 dup=2606 parse_err=0 decode_fail=22 vessels=4484 subs=2
2026/08/20 15:37:32.577496 events=774925 dup=2612 parse_err=0 decode_fail=26 vessels=4481 subs=2
2026/08/20 15:38:02.574060 events=777073 dup=2619 parse_err=0 decode_fail=28 vessels=4480 subs=2
2026/08/20 15:38:32.585004 events=779207 dup=2628 parse_err=0 decode_fail=32 vessels=4477 subs=2
2026/08/20 15:39:02.574323 events=781341 dup=2635 parse_err=0 decode_fail=34 vessels=4474 subs=2
2026/08/20 15:39:32.587112 events=783538 dup=2642 parse_err=0 decode_fail=37 vessels=4476 subs=2
